// Jest Snapshot v1, https://goo.gl/fbAQLP

exports[`renders correctly 1`] = `
<Text
  style={
    Array [
      Object {
        "color": "#000000",
        "fontFamily": "System",
        "fontWeight": "400",
      },
      Object {
        "textAlign": "left",
      },
      Array [
        null,
        Object {
          "fontFamily": "space-mono",
        },
      ],
    ]
  }
>
  Snapshot test!
</Text>
`;
